// Jest Snapshot v1, https://goo.gl/fbAQLP

exports[`Should calls the mutation after click in first CLOSED Button 1`] = `
<div>
  <div>
    Astra Express
    <button>
      CLOSED
    </button>
    <div>
      OPEN
    </div>
    <div>
      OPEN
    </div>
    <div>
      OPEN
    </div>
    <div>
      OPEN
    </div>
    <div>
      OPEN
    </div>
    <div>
      OPEN
    </div>
  </div>
  <div>
    Jazz Cat
    <button>
      OPEN
    </button>
    <div>
      OPEN
    </div>
    <div>
      OPEN
    </div>
    <div>
      OPEN
    </div>
    <div>
      CLOSED
    </div>
    <div>
      OPEN
    </div>
    <div>
      CLOSED
    </div>
    <div>
      OPEN
    </div>
  </div>
  <div>
    Jolly Roger
    <button>
      OPEN
    </button>
    <div>
      OPEN
    </div>
    <div>
      OPEN
    </div>
    <div>
      OPEN
    </div>
    <div>
      CLOSED
    </div>
    <div>
      OPEN
    </div>
    <div>
      OPEN
    </div>
    <div>
      OPEN
    </div>
  </div>
  <div>
    Neptune Rope
    <button>
      OPEN
    </button>
    <div>
      OPEN
    </div>
    <div>
      OPEN
    </div>
  </div>
  <div>
    Panorama
    <button>
      OPEN
    </button>
    <div>
      OPEN
    </div>
    <div>
      CLOSED
    </div>
    <div>
      OPEN
    </div>
    <div>
      OPEN
    </div>
    <div>
      OPEN
    </div>
    <div>
      CLOSED
    </div>
    <div>
      CLOSED
    </div>
    <div>
      OPEN
    </div>
    <div>
      OPEN
    </div>
  </div>
  <div>
    Prickly Peak
    <button>
      OPEN
    </button>
    <div>
      OPEN
    </div>
    <div>
      OPEN
    </div>
    <div>
      OPEN
    </div>
    <div>
      OPEN
    </div>
    <div>
      OPEN
    </div>
    <div>
      OPEN
    </div>
    <div>
      OPEN
    </div>
    <div>
      OPEN
    </div>
  </div>
  <div>
    Snowtooth Express
    <button>
      OPEN
    </button>
    <div>
      OPEN
    </div>
    <div>
      OPEN
    </div>
    <div>
      OPEN
    </div>
    <div>
      OPEN
    </div>
    <div>
      OPEN
    </div>
    <div>
      OPEN
    </div>
    <div>
      OPEN
    </div>
  </div>
  <div>
    Summit
    <button>
      CLOSED
    </button>
    <div>
      OPEN
    </div>
    <div>
      CLOSED
    </div>
    <div>
      CLOSED
    </div>
    <div>
      CLOSED
    </div>
    <div>
      CLOSED
    </div>
    <div>
      CLOSED
    </div>
    <div>
      CLOSED
    </div>
  </div>
  <div>
    Wally's
    <button>
      CLOSED
    </button>
    <div>
      CLOSED
    </div>
    <div>
      CLOSED
    </div>
    <div>
      CLOSED
    </div>
    <div>
      CLOSED
    </div>
    <div>
      CLOSED
    </div>
    <div>
      CLOSED
    </div>
  </div>
  <div>
    Western States
    <button>
      CLOSED
    </button>
    <div>
      CLOSED
    </div>
    <div>
      CLOSED
    </div>
    <div>
      CLOSED
    </div>
    <div>
      CLOSED
    </div>
    <div>
      CLOSED
    </div>
    <div>
      CLOSED
    </div>
    <div>
      CLOSED
    </div>
    <div>
      CLOSED
    </div>
    <div>
      CLOSED
    </div>
  </div>
  <div>
    Whirlybird
    <button>
      CLOSED
    </button>
    <div>
      CLOSED
    </div>
    <div>
      CLOSED
    </div>
    <div>
      CLOSED
    </div>
    <div>
      CLOSED
    </div>
    <div>
      CLOSED
    </div>
    <div>
      CLOSED
    </div>
    <div>
      CLOSED
    </div>
    <div>
      CLOSED
    </div>
  </div>
</div>
`;
